S01 downloaded 297258
S02 failed 
S03 failed 
S04 failed 
S05 downloaded 84784
S06 failed 
S07 failed 
S08 failed 
S09 failed 
S10 failed 
S11 failed 
S12 failed 
S13 downloaded 964712
S13 downloaded 48732
S14 downloaded 333782
S14 downloaded 62813
S15 downloaded 47758
S15 downloaded 35664
S16 downloaded 359176
S16 downloaded 34984
S17 downloaded 143979
S17 downloaded 74809
S18 downloaded 225516
S18 downloaded 62405
S19 downloaded 574412
S19 downloaded 64636
S20 downloaded 344
S20 downloaded 62081
S21 downloaded 182421
S21 downloaded 62081
S22 downloaded 125320
S22 downloaded 35980
S23 downloaded 123172
S24 downloaded 40592
S24 downloaded 36108
S25 downloaded 72541
S26 downloaded 145398
S27 downloaded 61319
S28 downloaded 120924
S29 downloaded 85439
S30 downloaded 43840
S31 downloaded 227150
S31 downloaded 67602
S32 downloaded 531275
S33 downloaded 464179
S34 downloaded 183523
S35 downloaded 1021461
S36 downloaded 38201
S37 downloaded 305874
S38 downloaded 640269
S38 downloaded 515695
S39 downloaded 71641
S40 downloaded 79236
S41 downloaded 79236
S42 downloaded 2035
S43 downloaded 2035
S44 downloaded 210953
S44 downloaded 177632
S44 downloaded 153956
S44 downloaded 230730
S45 downloaded 603747
S46 downloaded 446309
S47 downloaded 664822
S48 downloaded 5684
S49 downloaded 211823
S50 downloaded 95756
S51 downloaded 743735
L01 downloaded 56115
L02 failed 
L02 downloaded 3764
L02 downloaded 507442
L03 failed 
L03 failed 
L04 downloaded 1202637
L05 downloaded 359340
L06 failed 
L06 downloaded 39667
L07 downloaded 2693
L07 downloaded 32611
L08 downloaded 61471
L09 failed 
L09 downloaded 2328
L09 failed 
L10 failed 
L10 downloaded 95756
L11 downloaded 446309
L12 downloaded 392056
L13 failed 
L13 downloaded 1312846
L14 downloaded 1423397
L15 downloaded 3597
L16 downloaded 10881
L17 failed 
L17 downloaded 61235
L18 downloaded 551823
L19 downloaded 81597
L19 failed 
B01 downloaded 195455
B01 downloaded 2081426
B02 downloaded 120152
B02 downloaded 1861251
B03 downloaded 344041
B04 downloaded 286824
B05 downloaded 274746
B06 downloaded 21142
B06 downloaded 7748439
B07 downloaded 1347779
B08 failed 
B08 downloaded 2595470
P01 downloaded 61903
P01 downloaded 11260704
P02 downloaded 66749
P02 downloaded 3453332
L20 downloaded 34072
L21 downloaded 91599
L22 downloaded 877691
L23 downloaded 44438
L23 downloaded 4547220
L23 downloaded 4080886
L24 downloaded 588126
L25 failed 
L26 downloaded 41936
L27 downloaded 2055
L28 failed 
L28 failed 
L29 downloaded 42378
L29 downloaded 2913422
L30 downloaded 41778
L30 downloaded 1804544
L31 downloaded 40355
L31 downloaded 710039
M01 downloaded 426500
M02 downloaded 348239
S52 failed 
B09 downloaded 193765
L08 downloaded 4730965
L27 downloaded 6623009
L01 downloaded 46811
L20 downloaded 165219
S01 downloaded 327627
S01 downloaded 374062
L13 downloaded 2376773
L16 downloaded 946122
linked S13 downloaded
linked S13 downloaded
linked S13 downloaded
linked S14 downloaded
linked S14 failed
linked S14 downloaded
linked S14 downloaded
linked S14 downloaded
linked S15 downloaded
linked S15 downloaded
linked S15 downloaded
linked S16 downloaded
linked S16 downloaded
linked S17 downloaded
linked S17 downloaded
linked S17 downloaded
linked S18 downloaded
linked S18 downloaded
linked S18 downloaded
linked S18 downloaded
linked S19 downloaded
linked S19 downloaded
linked S19 downloaded
linked S20 downloaded
linked S20 downloaded
linked S21 downloaded
linked S21 downloaded
linked S21 downloaded
linked S22 downloaded
linked S22 downloaded
linked S22 downloaded
linked S22 downloaded
linked S23 downloaded
linked S24 downloaded
linked S24 downloaded
linked S24 downloaded
linked S25 downloaded
linked S30 downloaded
linked S31 downloaded
linked S31 downloaded
linked S31 downloaded
linked S34 downloaded
linked S34 downloaded
linked S37 downloaded
linked S38 failed
linked S38 failed
linked S39 failed
linked S39 failed
linked S44 downloaded
linked S44 downloaded
linked S45 downloaded
linked S45 downloaded
linked S45 downloaded
linked S46 downloaded
linked S46 failed
linked S49 downloaded
linked L05 downloaded
linked L07 failed
linked L08 failed
linked L11 downloaded
linked L11 failed
linked L12 downloaded
linked L16 downloaded
linked L19 downloaded
linked B06 downloaded
linked B06 downloaded
linked B07 downloaded
linked B07 downloaded
linked B07 downloaded
linked L24 downloaded
linked L26 downloaded
linked L26 downloaded
linked M02 downloaded
linked M02 downloaded
linked S01 downloaded
{"registered_routes": 218, "downloaded": 184, "pdf_files": 90, "bytes": 142302482, "note": "Downloaded files are not automatically relevant full texts or verified evidence."}
