\BOOKMARK [1][-]{section.1}{\376\377\000I\000n\000l\000e\000i\000d\000i\000n\000g}{}% 1
\BOOKMARK [1][-]{section.2}{\376\377\000P\000r\000o\000b\000l\000e\000e\000m\000s\000t\000e\000l\000l\000i\000n\000g}{}% 2
\BOOKMARK [2][-]{subsection.2.1}{\376\377\000P\000r\000a\000k\000t\000i\000s\000c\000h\000\040\000p\000r\000o\000b\000l\000e\000e\000m}{section.2}% 3
\BOOKMARK [2][-]{subsection.2.2}{\376\377\000W\000e\000t\000e\000n\000s\000c\000h\000a\000p\000p\000e\000l\000i\000j\000k\000e\000\040\000k\000e\000n\000n\000i\000s\000v\000r\000a\000a\000g\000\040\000e\000n\000\040\000a\000n\000t\000e\000c\000e\000d\000e\000n\000t\000e\000n}{section.2}% 4
\BOOKMARK [2][-]{subsection.2.3}{\376\377\000M\000a\000a\000t\000s\000c\000h\000a\000p\000p\000e\000l\000i\000j\000k\000e\000\040\000e\000n\000\040\000w\000e\000t\000e\000n\000s\000c\000h\000a\000p\000p\000e\000l\000i\000j\000k\000e\000\040\000r\000e\000l\000e\000v\000a\000n\000t\000i\000e}{section.2}% 5
\BOOKMARK [1][-]{section.3}{\376\377\000O\000n\000d\000e\000r\000z\000o\000e\000k\000s\000d\000o\000e\000l\000\040\000e\000n\000\040\000o\000n\000d\000e\000r\000z\000o\000e\000k\000s\000v\000r\000a\000g\000e\000n}{}% 6
\BOOKMARK [1][-]{section.4}{\376\377\000O\000n\000d\000e\000r\000z\000o\000e\000k\000s\000m\000e\000t\000h\000o\000d\000e}{}% 7
\BOOKMARK [2][-]{subsection.4.1}{\376\377\000D\000e\000s\000i\000g\000n\000\040\000S\000c\000i\000e\000n\000c\000e\000\040\000R\000e\000s\000e\000a\000r\000c\000h\000\040\000e\000n\000\040\000o\000n\000d\000e\000r\000z\000o\000e\000k\000s\000s\000t\000a\000t\000u\000s}{section.4}% 8
\BOOKMARK [2][-]{subsection.4.2}{\376\377\000B\000r\000o\000n\000b\000a\000s\000i\000s\000\040\000e\000n\000\040\000s\000y\000n\000t\000h\000e\000s\000e\000p\000r\000o\000c\000e\000d\000u\000r\000e}{section.4}% 9
\BOOKMARK [2][-]{subsection.4.3}{\376\377\000E\000p\000i\000s\000t\000e\000m\000i\000s\000c\000h\000e\000\040\000s\000c\000h\000e\000i\000d\000i\000n\000g\000\040\000e\000n\000\040\000o\000n\000d\000e\000r\000z\000o\000e\000k\000s\000i\000n\000t\000e\000g\000r\000i\000t\000e\000i\000t}{section.4}% 10
\BOOKMARK [2][-]{subsection.4.4}{\376\377\000A\000f\000l\000e\000i\000d\000i\000n\000g\000\040\000e\000n\000\040\000D\000S\000R\000-\000b\000e\000s\000l\000i\000s\000m\000o\000m\000e\000n\000t\000e\000n}{section.4}% 11
\BOOKMARK [1][-]{section.5}{\376\377\000T\000h\000e\000o\000r\000e\000t\000i\000s\000c\000h\000\040\000k\000a\000d\000e\000r}{}% 12
\BOOKMARK [2][-]{subsection.5.1}{\376\377\000M\000a\000s\000t\000e\000r\000\040\000D\000a\000t\000a\000\040\000M\000a\000n\000a\000g\000e\000m\000e\000n\000t}{section.5}% 13
\BOOKMARK [3][-]{subsubsection.5.1.1}{\376\377\000O\000p\000e\000r\000a\000t\000i\000o\000n\000e\000l\000e\000\040\000a\000f\000b\000a\000k\000e\000n\000i\000n\000g\000\040\000e\000n\000\040\000g\000r\000e\000n\000s\000g\000e\000v\000a\000l\000l\000e\000n}{subsection.5.1}% 14
\BOOKMARK [2][-]{subsection.5.2}{\376\377\000M\000e\000t\000a\000d\000a\000t\000a\000\040\000e\000n\000\040\000d\000a\000t\000a\000-\000e\000l\000e\000m\000e\000n\000t\000e\000n}{section.5}% 15
\BOOKMARK [2][-]{subsection.5.3}{\376\377\000T\000e\000r\000m\000i\000n\000o\000l\000o\000g\000i\000e\000,\000\040\000d\000e\000f\000i\000n\000i\000t\000i\000e\000s\000\040\000e\000n\000\040\000c\000o\000n\000c\000e\000p\000t\000e\000n}{section.5}% 16
\BOOKMARK [3][-]{subsubsection.5.3.1}{\376\377\000D\000e\000f\000i\000n\000i\000t\000i\000e\000\040\000v\000e\000r\000s\000u\000s\000\040\000d\000a\000t\000a\000s\000t\000r\000u\000c\000t\000u\000u\000r}{subsection.5.3}% 17
\BOOKMARK [2][-]{subsection.5.4}{\376\377\000S\000e\000m\000a\000n\000t\000i\000e\000k\000\040\000e\000n\000\040\000r\000e\000p\000r\000e\000s\000e\000n\000t\000a\000t\000i\000e}{section.5}% 18
\BOOKMARK [3][-]{subsubsection.5.4.1}{\376\377\000S\000e\000m\000a\000n\000t\000i\000c\000\040\000f\000a\000l\000s\000e\000\040\000a\000g\000r\000e\000e\000m\000e\000n\000t}{subsection.5.4}% 19
\BOOKMARK [2][-]{subsection.5.5}{\376\377\000O\000n\000t\000o\000l\000o\000g\000i\000e\000\040\000e\000n\000\040\000o\000n\000t\000o\000l\000o\000g\000i\000s\000c\000h\000e\000\040\000c\000o\000m\000m\000i\000t\000m\000e\000n\000t}{section.5}% 20
\BOOKMARK [2][-]{subsection.5.6}{\376\377\000S\000e\000m\000a\000n\000t\000i\000s\000c\000h\000e\000\040\000i\000n\000t\000e\000r\000o\000p\000e\000r\000a\000b\000i\000l\000i\000t\000e\000i\000t}{section.5}% 21
\BOOKMARK [2][-]{subsection.5.7}{\376\377\000D\000a\000t\000a\000\040\000P\000r\000o\000d\000u\000c\000t\000s\000\040\000e\000n\000\040\000g\000o\000v\000e\000r\000n\000a\000n\000c\000e}{section.5}% 22
\BOOKMARK [2][-]{subsection.5.8}{\376\377\000I\000d\000e\000n\000t\000i\000t\000e\000i\000t\000\040\000e\000n\000\040\000p\000e\000r\000s\000i\000s\000t\000e\000n\000t\000e\000\040\000i\000d\000e\000n\000t\000i\000f\000i\000c\000a\000t\000i\000e}{section.5}% 23
\BOOKMARK [2][-]{subsection.5.9}{\376\377\000T\000e\000m\000p\000o\000r\000a\000l\000i\000t\000e\000i\000t\000\040\000e\000n\000\040\000h\000i\000s\000t\000o\000r\000i\000e}{section.5}% 24
\BOOKMARK [2][-]{subsection.5.10}{\376\377\000P\000r\000o\000v\000e\000n\000a\000n\000c\000e\000,\000\040\000a\000u\000t\000h\000e\000n\000t\000i\000c\000i\000t\000e\000i\000t\000\040\000e\000n\000\040\000e\000p\000i\000s\000t\000e\000m\000i\000s\000c\000h\000e\000\040\000s\000t\000a\000t\000u\000s}{section.5}% 25
\BOOKMARK [2][-]{subsection.5.11}{\376\377\000K\000w\000a\000l\000i\000t\000e\000i\000t\000,\000\040\000c\000o\000n\000s\000t\000r\000a\000i\000n\000t\000s\000\040\000e\000n\000\040\000A\000I\000\040\000a\000l\000s\000\040\000m\000a\000c\000h\000i\000n\000e\000c\000o\000n\000s\000u\000m\000e\000n\000t}{section.5}% 26
\BOOKMARK [1][-]{section.6}{\376\377\000N\000e\000d\000e\000r\000l\000a\000n\000d\000s\000e\000\040\000o\000v\000e\000r\000h\000e\000i\000d\000s\000c\000o\000n\000t\000e\000x\000t}{}% 27
\BOOKMARK [2][-]{subsection.6.1}{\376\377\000S\000t\000e\000l\000s\000e\000l\000\040\000v\000a\000n\000\040\000B\000a\000s\000i\000s\000r\000e\000g\000i\000s\000t\000r\000a\000t\000i\000e\000s}{section.6}% 28
\BOOKMARK [2][-]{subsection.6.2}{\376\377\000F\000e\000d\000e\000r\000a\000t\000i\000e\000f\000\040\000D\000a\000t\000a\000s\000t\000e\000l\000s\000e\000l}{section.6}% 29
\BOOKMARK [2][-]{subsection.6.3}{\376\377\000N\000e\000d\000e\000r\000l\000a\000n\000d\000s\000e\000\040\000s\000t\000a\000n\000d\000a\000a\000r\000d\000e\000n\000\040\000e\000n\000\040\000h\000u\000n\000\040\000s\000t\000a\000t\000u\000s}{section.6}% 30
\BOOKMARK [2][-]{subsection.6.4}{\376\377\000E\000u\000r\000o\000p\000e\000s\000e\000\040\000i\000n\000b\000e\000d\000d\000i\000n\000g}{section.6}% 31
\BOOKMARK [1][-]{section.7}{\376\377\000C\000r\000o\000s\000s\000-\000s\000t\000a\000n\000d\000a\000r\000d\000\040\000a\000n\000a\000l\000y\000s\000i\000s}{}% 32
\BOOKMARK [2][-]{subsection.7.1}{\376\377\000D\000o\000c\000u\000m\000e\000n\000t\000t\000y\000p\000e\000n\000\040\000e\000n\000\040\000a\000b\000s\000t\000r\000a\000c\000t\000i\000e\000n\000i\000v\000e\000a\000u\000s}{section.7}% 33
\BOOKMARK [2][-]{subsection.7.2}{\376\377\000A\000a\000n\000v\000u\000l\000l\000i\000n\000g\000,\000\040\000o\000v\000e\000r\000l\000a\000p\000\040\000e\000n\000\040\000c\000o\000n\000f\000l\000i\000c\000t}{section.7}% 34
\BOOKMARK [2][-]{subsection.7.3}{\376\377\000S\000e\000m\000a\000n\000t\000i\000s\000c\000h\000e\000\040\000k\000e\000t\000e\000n\000\040\000a\000l\000s\000\040\000n\000e\000t\000w\000e\000r\000k}{section.7}% 35
\BOOKMARK [2][-]{subsection.7.4}{\376\377\000K\000a\000n\000d\000i\000d\000a\000a\000t\000m\000a\000p\000p\000i\000n\000g\000s\000\040\000i\000n\000\040\000p\000l\000a\000a\000t\000s\000\040\000v\000a\000n\000\040\000v\000e\000r\000o\000n\000d\000e\000r\000s\000t\000e\000l\000d\000e\000\040\000e\000q\000u\000i\000v\000a\000l\000e\000n\000t\000i\000e}{section.7}% 36
\BOOKMARK [2][-]{subsection.7.5}{\376\377\000S\000t\000a\000t\000u\000s\000,\000\040\000t\000o\000e\000p\000a\000s\000s\000e\000l\000i\000j\000k\000h\000e\000i\000d\000\040\000e\000n\000\040\000b\000r\000o\000n\000k\000r\000i\000t\000i\000e\000k}{section.7}% 37
\BOOKMARK [1][-]{section.8}{\376\377\000R\000e\000q\000u\000i\000r\000e\000m\000e\000n\000t\000s\000\040\000v\000o\000o\000r\000\040\000e\000e\000n\000\040\000S\000e\000m\000a\000n\000t\000i\000c\000\040\000M\000a\000s\000t\000e\000r\000\040\000D\000a\000t\000a\000\040\000P\000r\000o\000d\000u\000c\000t}{}% 38
\BOOKMARK [1][-]{section.9}{\376\377\000R\000e\000f\000e\000r\000e\000n\000c\000e\000\040\000A\000r\000c\000h\000i\000t\000e\000c\000t\000u\000r\000e}{}% 39
\BOOKMARK [2][-]{subsection.9.1}{\376\377\000A\000r\000c\000h\000i\000t\000e\000c\000t\000u\000u\000r\000s\000t\000e\000l\000l\000i\000n\000g\000\040\000e\000n\000\040\000a\000l\000t\000e\000r\000n\000a\000t\000i\000e\000v\000e\000n}{section.9}% 40
\BOOKMARK [2][-]{subsection.9.2}{\376\377\000L\000a\000g\000e\000n\000,\000\040\000c\000o\000m\000p\000o\000n\000e\000n\000t\000e\000n\000\040\000e\000n\000\040\000v\000e\000r\000a\000n\000t\000w\000o\000o\000r\000d\000e\000l\000i\000j\000k\000h\000e\000d\000e\000n}{section.9}% 41
\BOOKMARK [2][-]{subsection.9.3}{\376\377\000F\000o\000r\000m\000e\000l\000e\000\040\000b\000e\000s\000c\000h\000r\000i\000j\000v\000i\000n\000g\000\040\000v\000a\000n\000\040\000h\000e\000t\000\040\000c\000o\000n\000c\000e\000p\000t\000u\000e\000l\000e\000\040\000m\000e\000t\000a\000m\000o\000d\000e\000l}{section.9}% 42
\BOOKMARK [2][-]{subsection.9.4}{\376\377\000V\000o\000o\000r\000g\000e\000s\000t\000e\000l\000d\000e\000\040\000i\000n\000v\000a\000r\000i\000a\000n\000t\000e\000n}{section.9}% 43
\BOOKMARK [2][-]{subsection.9.5}{\376\377\000I\000n\000t\000e\000r\000f\000a\000c\000e\000s\000\040\000e\000n\000\040\000i\000n\000f\000o\000r\000m\000a\000t\000i\000e\000s\000t\000r\000o\000m\000e\000n}{section.9}% 44
\BOOKMARK [2][-]{subsection.9.6}{\376\377\000N\000o\000r\000m\000a\000t\000i\000e\000v\000e\000\040\000e\000n\000\040\000a\000f\000g\000e\000l\000e\000i\000d\000e\000\040\000i\000n\000f\000o\000r\000m\000a\000t\000i\000e}{section.9}% 45
\BOOKMARK [2][-]{subsection.9.7}{\376\377\000G\000o\000v\000e\000r\000n\000a\000n\000c\000e\000,\000\040\000l\000i\000f\000e\000c\000y\000c\000l\000e\000\040\000e\000n\000\040\000v\000e\000r\000s\000i\000e\000b\000e\000h\000e\000e\000r}{section.9}% 46
\BOOKMARK [2][-]{subsection.9.8}{\376\377\000M\000i\000n\000i\000m\000a\000l\000e\000\040\000r\000e\000a\000l\000i\000s\000a\000t\000i\000e\000\040\000e\000n\000\040\000c\000o\000n\000c\000u\000r\000r\000e\000r\000e\000n\000d\000e\000\040\000a\000r\000c\000h\000i\000t\000e\000c\000t\000u\000r\000e\000n}{section.9}% 47
\BOOKMARK [1][-]{section.10}{\376\377\000D\000e\000s\000i\000g\000n\000\040\000P\000r\000i\000n\000c\000i\000p\000l\000e\000s}{}% 48
\BOOKMARK [1][-]{section.11}{\376\377\000C\000a\000s\000u\000s\000\040\000S\000t\000e\000l\000s\000e\000l\000\040\000v\000a\000n\000\040\000B\000a\000s\000i\000s\000r\000e\000g\000i\000s\000t\000r\000a\000t\000i\000e\000s}{}% 49
\BOOKMARK [2][-]{subsection.11.1}{\376\377\000O\000n\000d\000e\000r\000b\000o\000u\000w\000d\000e\000\040\000c\000a\000s\000u\000s\000g\000r\000e\000n\000s}{section.11}% 50
\BOOKMARK [2][-]{subsection.11.2}{\376\377\000A\000n\000a\000l\000y\000t\000i\000s\000c\000h\000e\000\040\000t\000o\000e\000p\000a\000s\000s\000i\000n\000g\000\040\000o\000p\000\040\000h\000e\000t\000\040\000B\000A\000G\000-\000f\000r\000a\000g\000m\000e\000n\000t}{section.11}% 51
\BOOKMARK [2][-]{subsection.11.3}{\376\377\000C\000r\000i\000t\000e\000r\000i\000a\000\040\000v\000o\000o\000r\000\040\000u\000i\000t\000b\000r\000e\000i\000d\000i\000n\000g\000\040\000n\000a\000a\000r\000\040\000m\000e\000e\000r\000d\000e\000r\000e\000\040\000r\000e\000g\000i\000s\000t\000r\000a\000t\000i\000e\000s}{section.11}% 52
\BOOKMARK [1][-]{section.12}{\376\377\000B\000e\000s\000t\000a\000a\000n\000d\000\040\000p\000r\000o\000t\000o\000t\000y\000p\000e}{}% 53
\BOOKMARK [1][-]{section.13}{\376\377\000V\000o\000o\000r\000g\000e\000s\000t\000e\000l\000d\000e\000\040\000e\000v\000a\000l\000u\000a\000t\000i\000e\000m\000e\000t\000h\000o\000d\000e}{}% 54
\BOOKMARK [2][-]{subsection.13.1}{\376\377\000E\000v\000a\000l\000u\000a\000t\000i\000e\000v\000r\000a\000g\000e\000n\000,\000\040\000e\000e\000n\000h\000e\000d\000e\000n\000\040\000e\000n\000\040\000e\000p\000i\000s\000o\000d\000e\000s}{section.13}% 55
\BOOKMARK [2][-]{subsection.13.2}{\376\377\000S\000t\000e\000r\000k\000e\000\040\000c\000o\000m\000p\000a\000r\000a\000t\000o\000r\000e\000n\000\040\000e\000n\000\040\000a\000f\000z\000o\000n\000d\000e\000r\000l\000i\000j\000k\000e\000\040\000i\000n\000t\000e\000r\000v\000e\000n\000t\000i\000e\000s}{section.13}% 56
\BOOKMARK [2][-]{subsection.13.3}{\376\377\000E\000x\000p\000e\000r\000i\000m\000e\000n\000t\000e\000n\000,\000\040\000v\000a\000r\000i\000a\000b\000e\000l\000e\000n\000\040\000e\000n\000\040\000e\000s\000t\000i\000m\000a\000n\000d\000s}{section.13}% 57
\BOOKMARK [2][-]{subsection.13.4}{\376\377\000H\000y\000p\000o\000t\000h\000e\000s\000e\000n\000,\000\040\000p\000r\000a\000k\000t\000i\000s\000c\000h\000e\000\040\000g\000r\000e\000n\000z\000e\000n\000\040\000e\000n\000\040\000w\000e\000e\000r\000l\000e\000g\000g\000i\000n\000g}{section.13}% 58
\BOOKMARK [2][-]{subsection.13.5}{\376\377\000M\000e\000e\000t\000b\000a\000r\000e\000\040\000c\000r\000i\000t\000e\000r\000i\000a}{section.13}% 59
\BOOKMARK [2][-]{subsection.13.6}{\376\377\000S\000t\000e\000e\000k\000p\000r\000o\000e\000f\000\040\000e\000n\000\040\000g\000o\000u\000d\000e\000n\000\040\000s\000t\000a\000n\000d\000a\000a\000r\000d}{section.13}% 60
\BOOKMARK [2][-]{subsection.13.7}{\376\377\000M\000e\000n\000s\000e\000l\000i\000j\000k\000e\000\040\000e\000n\000\040\000A\000I\000-\000c\000o\000n\000s\000u\000m\000p\000t\000i\000e}{section.13}% 61
\BOOKMARK [2][-]{subsection.13.8}{\376\377\000A\000n\000a\000l\000y\000s\000e\000,\000\040\000k\000o\000s\000t\000e\000n\000\040\000e\000n\000\040\000r\000a\000p\000p\000o\000r\000t\000a\000g\000e}{section.13}% 62
\BOOKMARK [2][-]{subsection.13.9}{\376\377\000T\000r\000a\000c\000e\000a\000b\000i\000l\000i\000t\000y\000-\000a\000u\000d\000i\000t}{section.13}% 63
\BOOKMARK [1][-]{section.14}{\376\377\000D\000i\000s\000c\000u\000s\000s\000i\000e}{}% 64
\BOOKMARK [2][-]{subsection.14.1}{\376\377\000A\000a\000r\000d\000\040\000e\000n\000\040\000b\000e\000g\000r\000e\000n\000z\000i\000n\000g\000\040\000v\000a\000n\000\040\000d\000e\000\040\000b\000i\000j\000d\000r\000a\000g\000e}{section.14}% 65
\BOOKMARK [2][-]{subsection.14.2}{\376\377\000S\000e\000m\000a\000n\000t\000i\000s\000c\000h\000e\000\040\000v\000o\000l\000l\000e\000d\000i\000g\000h\000e\000i\000d\000\040\000e\000n\000\040\000d\000e\000\040\000g\000r\000e\000n\000z\000e\000n\000\040\000v\000a\000n\000\040\000f\000o\000r\000m\000a\000l\000i\000s\000e\000r\000i\000n\000g}{section.14}% 66
\BOOKMARK [2][-]{subsection.14.3}{\376\377\000G\000e\000z\000a\000g\000\040\000e\000n\000\040\000f\000e\000d\000e\000r\000a\000t\000i\000e}{section.14}% 67
\BOOKMARK [2][-]{subsection.14.4}{\376\377\000A\000I\000:\000\040\000t\000h\000e\000o\000r\000e\000t\000i\000s\000c\000h\000e\000\040\000m\000o\000t\000i\000v\000a\000t\000i\000e\000\040\000z\000o\000n\000d\000e\000r\000\040\000e\000f\000f\000e\000c\000t\000o\000v\000e\000r\000s\000c\000h\000a\000t\000t\000i\000n\000g}{section.14}% 68
\BOOKMARK [1][-]{section.15}{\376\377\000T\000h\000r\000e\000a\000t\000s\000\040\000t\000o\000\040\000V\000a\000l\000i\000d\000i\000t\000y}{}% 69
\BOOKMARK [1][-]{section.16}{\376\377\000C\000o\000n\000c\000l\000u\000s\000i\000e}{}% 70
\BOOKMARK [1][-]{section.17}{\376\377\000F\000u\000t\000u\000r\000e\000\040\000W\000o\000r\000k}{}% 71
\BOOKMARK [1][-]{section.18}{\376\377\000P\000r\000e\000-\000e\000v\000a\000l\000u\000a\000t\000i\000o\000n\000\040\000r\000e\000s\000e\000a\000r\000c\000h\000\040\000s\000t\000a\000t\000e}{}% 72
\BOOKMARK [2][-]{subsection.18.1}{\376\377\000T\000h\000e\000o\000r\000e\000t\000i\000s\000c\000h\000e\000\040\000p\000r\000o\000p\000o\000s\000i\000t\000i\000o\000n\000s\000\040\000e\000n\000\040\000f\000a\000l\000s\000i\000f\000i\000c\000a\000t\000i\000e}{section.18}% 73
\BOOKMARK [2][-]{subsection.18.2}{\376\377\000A\000f\000g\000e\000l\000e\000i\000d\000e\000\040\000p\000r\000i\000n\000c\000i\000p\000e\000s\000\040\000e\000n\000\040\000t\000e\000\040\000o\000n\000d\000e\000r\000z\000o\000e\000k\000e\000n\000\040\000p\000r\000o\000t\000o\000t\000y\000p\000e\000-\000e\000i\000g\000e\000n\000s\000c\000h\000a\000p\000p\000e\000n}{section.18}% 74
\BOOKMARK [2][-]{subsection.18.3}{\376\377\000B\000e\000n\000o\000d\000i\000g\000d\000e\000\040\000e\000x\000p\000e\000r\000i\000m\000e\000n\000t\000e\000n\000\040\000e\000n\000\040\000o\000p\000e\000n\000\040\000b\000e\000s\000l\000i\000s\000s\000i\000n\000g\000e\000n}{section.18}% 75
\BOOKMARK [1][-]{appendix.A}{\376\377\000T\000r\000a\000c\000e\000a\000b\000i\000l\000i\000t\000y\000\040\000v\000a\000n\000\040\000o\000n\000d\000e\000r\000z\000o\000e\000k\000s\000v\000r\000a\000g\000e\000n\000\040\000n\000a\000a\000r\000\040\000e\000v\000a\000l\000u\000a\000t\000i\000e}{}% 76
\BOOKMARK [1][-]{appendix.B}{\376\377\000C\000o\000r\000p\000u\000s\000,\000\040\000b\000r\000o\000n\000s\000t\000a\000t\000u\000s\000\040\000e\000n\000\040\000r\000e\000p\000r\000o\000d\000u\000c\000e\000e\000r\000b\000a\000a\000r\000h\000e\000i\000d}{}% 77
\BOOKMARK [1][-]{appendix.C}{\376\377\000U\000i\000t\000g\000e\000b\000r\000e\000i\000d\000e\000\040\000s\000t\000a\000n\000d\000a\000a\000r\000d\000v\000e\000r\000g\000e\000l\000i\000j\000k\000i\000n\000g}{}% 78
