\BOOKMARK [1][-]{section.1}{\376\377\000I\000n\000l\000e\000i\000d\000i\000n\000g}{}% 1
\BOOKMARK [2][-]{subsection.1.1}{\376\377\000O\000n\000d\000e\000r\000z\000o\000e\000k\000s\000v\000r\000a\000a\000g\000\040\000e\000n\000\040\000d\000e\000e\000l\000v\000r\000a\000g\000e\000n}{section.1}% 2
\BOOKMARK [1][-]{section.2}{\376\377\000O\000n\000d\000e\000r\000z\000o\000e\000k\000s\000m\000e\000t\000h\000o\000d\000e}{}% 3
\BOOKMARK [2][-]{subsection.2.1}{\376\377\000R\000e\000v\000i\000e\000w\000s\000t\000r\000a\000t\000e\000g\000i\000e\000\040\000e\000n\000\040\000c\000o\000r\000p\000u\000s}{section.2}% 4
\BOOKMARK [2][-]{subsection.2.2}{\376\377\000S\000e\000l\000e\000c\000t\000i\000e\000,\000\040\000e\000x\000t\000r\000a\000c\000t\000i\000e\000\040\000e\000n\000\040\000a\000n\000a\000l\000y\000s\000e}{section.2}% 5
\BOOKMARK [1][-]{section.3}{\376\377\000D\000e\000f\000i\000n\000i\000t\000i\000e\000\040\000v\000a\000n\000\040\000M\000a\000s\000t\000e\000r\000\040\000D\000a\000t\000a}{}% 6
\BOOKMARK [1][-]{section.4}{\376\377\000O\000n\000t\000w\000i\000k\000k\000e\000l\000i\000n\000g\000\040\000e\000n\000\040\000t\000h\000e\000o\000r\000e\000t\000i\000s\000c\000h\000e\000\040\000p\000e\000r\000s\000p\000e\000c\000t\000i\000e\000v\000e\000n}{}% 7
\BOOKMARK [1][-]{section.5}{\376\377\000M\000a\000s\000t\000e\000r\000d\000a\000t\000a\000\040\000v\000e\000r\000s\000u\000s\000\040\000g\000e\000r\000e\000l\000a\000t\000e\000e\000r\000d\000e\000\040\000d\000a\000t\000a\000c\000o\000n\000c\000e\000p\000t\000e\000n}{}% 8
\BOOKMARK [1][-]{section.6}{\376\377\000M\000D\000M\000-\000c\000a\000p\000a\000b\000i\000l\000i\000t\000i\000e\000s\000\040\000e\000n\000\040\000l\000i\000f\000e\000c\000y\000c\000l\000e}{}% 9
\BOOKMARK [1][-]{section.7}{\376\377\000B\000e\000s\000t\000a\000a\000n\000d\000e\000\040\000M\000D\000M\000-\000a\000r\000c\000h\000i\000t\000e\000c\000t\000u\000u\000r\000p\000a\000t\000r\000o\000n\000e\000n}{}% 10
\BOOKMARK [1][-]{section.8}{\376\377\000I\000d\000e\000n\000t\000i\000t\000y\000\040\000e\000n\000\040\000E\000n\000t\000i\000t\000y\000\040\000R\000e\000s\000o\000l\000u\000t\000i\000o\000n}{}% 11
\BOOKMARK [1][-]{section.9}{\376\377\000D\000a\000t\000a\000\040\000Q\000u\000a\000l\000i\000t\000y}{}% 12
\BOOKMARK [1][-]{section.10}{\376\377\000G\000o\000v\000e\000r\000n\000a\000n\000c\000e\000\040\000e\000n\000\040\000S\000t\000e\000w\000a\000r\000d\000s\000h\000i\000p}{}% 13
\BOOKMARK [1][-]{section.11}{\376\377\000M\000e\000t\000a\000d\000a\000t\000a\000\040\000e\000n\000\040\000D\000a\000t\000a\000\040\000E\000l\000e\000m\000e\000n\000t\000s}{}% 14
\BOOKMARK [1][-]{section.12}{\376\377\000S\000e\000m\000a\000n\000t\000i\000e\000k\000\040\000e\000n\000\040\000B\000e\000g\000r\000i\000p\000p\000e\000n}{}% 15
\BOOKMARK [2][-]{subsection.12.1}{\376\377\000S\000e\000m\000a\000n\000t\000i\000c\000\040\000f\000a\000l\000s\000e\000\040\000a\000g\000r\000e\000e\000m\000e\000n\000t}{section.12}% 16
\BOOKMARK [1][-]{section.13}{\376\377\000O\000n\000t\000o\000l\000o\000g\000i\000e\000\040\000e\000n\000\040\000C\000o\000n\000c\000e\000p\000t\000u\000a\000l\000\040\000M\000o\000d\000e\000l\000l\000i\000n\000g}{}% 17
\BOOKMARK [2][-]{subsection.13.1}{\376\377\000K\000n\000o\000w\000l\000e\000d\000g\000e\000\040\000g\000r\000a\000p\000h\000s\000\040\000e\000n\000\040\000S\000e\000m\000a\000n\000t\000i\000c\000\040\000W\000e\000b}{section.13}% 18
\BOOKMARK [1][-]{section.14}{\376\377\000P\000r\000o\000v\000e\000n\000a\000n\000c\000e\000,\000\040\000L\000i\000n\000e\000a\000g\000e\000\040\000e\000n\000\040\000T\000e\000m\000p\000o\000r\000a\000l\000i\000t\000e\000i\000t}{}% 19
\BOOKMARK [1][-]{section.15}{\376\377\000H\000e\000t\000\040\000s\000t\000a\000n\000d\000a\000a\000r\000d\000e\000n\000l\000a\000n\000d\000s\000c\000h\000a\000p}{}% 20
\BOOKMARK [2][-]{subsection.15.1}{\376\377\000D\000o\000c\000u\000m\000e\000n\000t\000s\000o\000o\000r\000t\000e\000n\000\040\000e\000n\000\040\000n\000o\000r\000m\000a\000t\000i\000e\000v\000e\000\040\000r\000e\000i\000k\000w\000i\000j\000d\000t\000e}{section.15}% 21
\BOOKMARK [2][-]{subsection.15.2}{\376\377\000O\000v\000e\000r\000l\000a\000p\000,\000\040\000m\000a\000p\000p\000i\000n\000g\000s\000\040\000e\000n\000\040\000h\000i\000a\000t\000e\000n}{section.15}% 22
\BOOKMARK [1][-]{section.16}{\376\377\000N\000e\000d\000e\000r\000l\000a\000n\000d\000s\000e\000\040\000o\000v\000e\000r\000h\000e\000i\000d\000s\000c\000o\000n\000t\000e\000x\000t}{}% 23
\BOOKMARK [2][-]{subsection.16.1}{\376\377\000S\000t\000e\000l\000s\000e\000l\000\040\000v\000a\000n\000\040\000B\000a\000s\000i\000s\000r\000e\000g\000i\000s\000t\000r\000a\000t\000i\000e\000s}{section.16}% 24
\BOOKMARK [2][-]{subsection.16.2}{\376\377\000N\000e\000d\000e\000r\000l\000a\000n\000d\000s\000e\000\040\000m\000o\000d\000e\000l\000l\000e\000n\000,\000\040\000b\000e\000g\000r\000i\000p\000p\000e\000n\000\040\000e\000n\000\040\000m\000e\000t\000a\000d\000a\000t\000a}{section.16}% 25
\BOOKMARK [2][-]{subsection.16.3}{\376\377\000V\000e\000r\000s\000i\000e\000,\000\040\000l\000i\000j\000s\000t\000s\000t\000a\000t\000u\000s\000\040\000e\000n\000\040\000t\000o\000e\000p\000a\000s\000s\000e\000l\000i\000j\000k\000h\000e\000i\000d}{section.16}% 26
\BOOKMARK [2][-]{subsection.16.4}{\376\377\000F\000e\000d\000e\000r\000a\000t\000i\000e\000f\000\040\000D\000a\000t\000a\000s\000t\000e\000l\000s\000e\000l\000\040\000e\000n\000\040\000E\000u\000r\000o\000p\000e\000s\000e\000\040\000k\000a\000d\000e\000r\000s}{section.16}% 27
\BOOKMARK [1][-]{section.17}{\376\377\000M\000a\000s\000t\000e\000r\000d\000a\000t\000a\000\040\000e\000n\000\040\000D\000a\000t\000a\000\040\000P\000r\000o\000d\000u\000c\000t\000s}{}% 28
\BOOKMARK [1][-]{section.18}{\376\377\000M\000a\000s\000t\000e\000r\000d\000a\000t\000a\000\040\000e\000n\000\040\000f\000e\000d\000e\000r\000a\000t\000i\000e\000v\000e\000\040\000d\000a\000t\000a\000-\000a\000r\000c\000h\000i\000t\000e\000c\000t\000u\000r\000e\000n}{}% 29
\BOOKMARK [1][-]{section.19}{\376\377\000A\000P\000I\000-\000f\000i\000r\000s\000t\000,\000\040\000e\000v\000e\000n\000t\000s\000\040\000e\000n\000\040\000d\000a\000t\000a\000\040\000c\000o\000n\000t\000r\000a\000c\000t\000s}{}% 30
\BOOKMARK [1][-]{section.20}{\376\377\000M\000a\000s\000t\000e\000r\000d\000a\000t\000a\000\040\000e\000n\000\040\000A\000I}{}% 31
\BOOKMARK [1][-]{section.21}{\376\377\000S\000y\000n\000t\000h\000e\000s\000e\000:\000\040\000e\000e\000n\000\040\000c\000o\000n\000c\000e\000p\000t\000u\000e\000e\000l\000\040\000o\000v\000e\000r\000z\000i\000c\000h\000t\000\040\000v\000a\000n\000\040\000d\000e\000\040\000l\000i\000t\000e\000r\000a\000t\000u\000u\000r}{}% 32
\BOOKMARK [2][-]{subsection.21.1}{\376\377\000G\000e\000d\000e\000e\000l\000d\000e\000\040\000a\000c\000c\000e\000n\000t\000e\000n\000\040\000e\000n\000\040\000c\000o\000n\000t\000r\000o\000v\000e\000r\000s\000e\000s}{section.21}% 33
\BOOKMARK [1][-]{section.22}{\376\377\000R\000e\000s\000e\000a\000r\000c\000h\000\040\000G\000a\000p\000s\000\040\000e\000n\000\040\000o\000p\000e\000n\000\040\000v\000r\000a\000g\000e\000n}{}% 34
\BOOKMARK [1][-]{section.23}{\376\377\000D\000i\000s\000c\000u\000s\000s\000i\000e}{}% 35
\BOOKMARK [2][-]{subsection.23.1}{\376\377\000T\000h\000e\000o\000r\000e\000t\000i\000s\000c\000h\000e\000\040\000b\000i\000j\000d\000r\000a\000g\000e\000\040\000e\000n\000\040\000a\000l\000t\000e\000r\000n\000a\000t\000i\000e\000v\000e\000\040\000i\000n\000t\000e\000r\000p\000r\000e\000t\000a\000t\000i\000e\000s}{section.23}% 36
\BOOKMARK [2][-]{subsection.23.2}{\376\377\000P\000r\000a\000k\000t\000i\000s\000c\000h\000e\000\040\000b\000e\000t\000e\000k\000e\000n\000i\000s}{section.23}% 37
\BOOKMARK [1][-]{section.24}{\376\377\000B\000e\000p\000e\000r\000k\000i\000n\000g\000e\000n\000\040\000e\000n\000\040\000t\000h\000r\000e\000a\000t\000s\000\040\000t\000o\000\040\000v\000a\000l\000i\000d\000i\000t\000y}{}% 38
\BOOKMARK [1][-]{section.25}{\376\377\000C\000o\000n\000c\000l\000u\000s\000i\000e}{}% 39
\BOOKMARK [1][-]{appendix.A}{\376\377\000B\000r\000o\000n\000g\000e\000b\000o\000n\000d\000e\000n\000\040\000t\000r\000a\000c\000e\000a\000b\000i\000l\000i\000t\000y}{}% 40
\BOOKMARK [1][-]{appendix.B}{\376\377\000G\000e\000s\000e\000l\000e\000c\000t\000e\000e\000r\000d\000e\000\040\000s\000t\000a\000n\000d\000a\000a\000r\000d\000d\000o\000c\000u\000m\000e\000n\000t\000e\000n\000\040\000e\000n\000\040\000b\000e\000w\000i\000j\000s\000g\000r\000e\000n\000z\000e\000n}{}% 41
\BOOKMARK [1][-]{appendix.C}{\376\377\000R\000e\000p\000r\000o\000d\000u\000c\000e\000e\000r\000b\000a\000a\000r\000h\000e\000i\000d\000\040\000e\000n\000\040\000o\000n\000d\000e\000r\000z\000o\000e\000k\000s\000b\000e\000s\000t\000a\000n\000d\000e\000n}{}% 42
